Premium-motion policy state passed: policy=BUY-PREMIUM-MOTION-POLICY-20260802; dispositions=5; candidate=BUY-R58-CATEGORY-SHEET-IME-RESULT-VISIBILITY-FIX7.
APK regression pre-build gate passed: candidate=BUY-R58-CATEGORY-SHEET-IME-RESULT-VISIBILITY-FIX7; mode=profile; source=A05B47F0893778064E255574DF3678BF198DAE72A18DA7C81710693557AE1BEE; gates=10.
Running Gradle task 'assembleProfile'...                        
WARNING: Your app uses the following plugins that apply Kotlin Gradle Plugin (KGP): desktop_webview_auth, firebase_analytics, firebase_app_check, firebase_performance, firebase_remote_config, mobile_scanner, speech_to_text
Future versions of Flutter will fail to build if your app uses plugins that apply KGP.

Please check the changelogs of these plugins and upgrade to a version that supports Built-in Kotlin.
If no such version exists, report the issue to the plugin. If necessary, here is a guide on filing 
an issue against a plugin: https://docs.flutter.dev/release/breaking-changes/migrate-to-built-in-kotlin/for-app-developers#report-incompatible-kotlin-gradle-plugin-usage-to-plugin-authors

If you are a plugin author, please migrate your plugin to Built-in Kotlin using this guide: https://docs.flutter.dev/release/breaking-changes/migrate-to-built-in-kotlin/for-plugin-authors
Font asset "CupertinoIcons.ttf" was tree-shaken, reducing it from 257628 to 848 bytes (99.7% reduction). Tree-shaking can be disabled by providing the --no-tree-shake-icons flag when building your app.
Font asset "MaterialIcons-Regular.otf" was tree-shaken, reducing it from 1645184 to 64048 bytes (96.1% reduction). Tree-shaking can be disabled by providing the --no-tree-shake-icons flag when building your app.
Running Gradle task 'assembleProfile'...                          113.1s
√ Built build\app\outputs\flutter-apk\app-profile.apk (128.0MB)
CandidateId=BUY-R58-CATEGORY-SHEET-IME-RESULT-VISIBILITY-FIX7
RuntimeDefines=MOOLSOCIAL_DEVICE_REVIEW=true;MOOLSOCIAL_USE_EMULATORS=true;MOOLSOCIAL_CANDIDATE_ID=BUY-R58-CATEGORY-SHEET-IME-RESULT-VISIBILITY-FIX7
Version=1.0.0-r58.23
VersionCode=2026080419
BuildMode=profile
MachineState=C:\GUARANTEED OUTCOME\MOOLSOCIAL-PRODUCTION\config\apk-regression-gate-state.json
Branch=remediation/prototype-conformance-2026-07-20
HEAD=f1ac83dea2047f40b39d772696bd0d1224edce8e
SourceFingerprint=A05B47F0893778064E255574DF3678BF198DAE72A18DA7C81710693557AE1BEE
APK=C:\GUARANTEED OUTCOME\MOOLSOCIAL-PRODUCTION\artifacts\quality\buy-category-sheet-ime-result-visibility-r58-8-8-fix7-20260805-175\buy-r58-category-sheet-ime-result-visibility-fix7-device-review-profile.apk
Bytes=134214109
SHA256=F0C1061D1D7897130528533F254B41BDC48FE7958E7DD9B50624FEF6EE3B5DC9
BuiltAt=2026-08-05T00:40:06.9959576+05:30
