package: name='com.moolsocial.app' versionCode='2026080419' versionName='1.0.0-r58.23' platformBuildVersionName='16' platformBuildVersionCode='36' compileSdkVersion='36' compileSdkVersionCodename='16'
sdkVersion:'24'
targetSdkVersion:'36'
uses-permission: name='android.permission.INTERNET'
uses-permission: name='android.permission.ACCESS_COARSE_LOCATION'
uses-permission: name='android.permission.ACCESS_FINE_LOCATION'
uses-permission: name='android.permission.CAMERA'
uses-permission: name='android.permission.RECORD_AUDIO'
uses-permission: name='android.permission.ACCESS_NETWORK_STATE'
uses-permission: name='android.permission.WAKE_LOCK'
uses-permission: name='android.permission.POST_NOTIFICATIONS'
uses-permission: name='com.google.android.c2dm.permission.RECEIVE'
uses-permission: name='com.google.android.providers.gsf.permission.READ_GSERVICES'
uses-permission: name='com.google.android.finsky.permission.BIND_GET_INSTALL_REFERRER_SERVICE'
uses-permission: name='com.google.android.gms.permission.AD_ID'
uses-permission: name='android.permission.ACCESS_ADSERVICES_ATTRIBUTION'
uses-permission: name='android.permission.ACCESS_ADSERVICES_AD_ID'
uses-permission: name='com.moolsocial.app.DYNAMIC_RECEIVER_NOT_EXPORTED_PERMISSION'
application-label:'MoolSocial'
application-label-af:'MoolSocial'
application-label-am:'MoolSocial'
application-label-ar:'MoolSocial'
application-label-as:'MoolSocial'
application-label-az:'MoolSocial'
application-label-be:'MoolSocial'
application-label-bg:'MoolSocial'
application-label-bn:'MoolSocial'
application-label-bs:'MoolSocial'
application-label-ca:'MoolSocial'
application-label-cs:'MoolSocial'
application-label-da:'MoolSocial'
application-label-de:'MoolSocial'
application-label-el:'MoolSocial'
application-label-en-AU:'MoolSocial'
application-label-en-CA:'MoolSocial'
application-label-en-GB:'MoolSocial'
application-label-en-IN:'MoolSocial'
application-label-en-XC:'MoolSocial'
application-label-es:'MoolSocial'
application-label-es-US:'MoolSocial'
application-label-et:'MoolSocial'
application-label-eu:'MoolSocial'
application-label-fa:'MoolSocial'
application-label-fi:'MoolSocial'
application-label-fr:'MoolSocial'
application-label-fr-CA:'MoolSocial'
application-label-gl:'MoolSocial'
application-label-gu:'MoolSocial'
application-label-hi:'MoolSocial'
application-label-hr:'MoolSocial'
application-label-hu:'MoolSocial'
application-label-hy:'MoolSocial'
application-label-in:'MoolSocial'
application-label-is:'MoolSocial'
application-label-it:'MoolSocial'
application-label-iw:'MoolSocial'
application-label-ja:'MoolSocial'
application-label-ka:'MoolSocial'
application-label-kk:'MoolSocial'
application-label-km:'MoolSocial'
application-label-kn:'MoolSocial'
application-label-ko:'MoolSocial'
application-label-ky:'MoolSocial'
application-label-lo:'MoolSocial'
application-label-lt:'MoolSocial'
application-label-lv:'MoolSocial'
application-label-mk:'MoolSocial'
application-label-ml:'MoolSocial'
application-label-mn:'MoolSocial'
application-label-mr:'MoolSocial'
application-label-ms:'MoolSocial'
application-label-my:'MoolSocial'
application-label-nb:'MoolSocial'
application-label-ne:'MoolSocial'
application-label-nl:'MoolSocial'
application-label-or:'MoolSocial'
application-label-pa:'MoolSocial'
application-label-pl:'MoolSocial'
application-label-pt:'MoolSocial'
application-label-pt-BR:'MoolSocial'
application-label-pt-PT:'MoolSocial'
application-label-ro:'MoolSocial'
application-label-ru:'MoolSocial'
application-label-si:'MoolSocial'
application-label-sk:'MoolSocial'
application-label-sl:'MoolSocial'
application-label-sq:'MoolSocial'
application-label-sr:'MoolSocial'
application-label-sr-Latn:'MoolSocial'
application-label-sv:'MoolSocial'
application-label-sw:'MoolSocial'
application-label-ta:'MoolSocial'
application-label-te:'MoolSocial'
application-label-th:'MoolSocial'
application-label-tl:'MoolSocial'
application-label-tr:'MoolSocial'
application-label-uk:'MoolSocial'
application-label-ur:'MoolSocial'
application-label-uz:'MoolSocial'
application-label-vi:'MoolSocial'
application-label-zh-CN:'MoolSocial'
application-label-zh-HK:'MoolSocial'
application-label-zh-TW:'MoolSocial'
application-label-zu:'MoolSocial'
application-icon-120:'res/mipmap-mdpi-v4/ic_launcher.png'
application-icon-160:'res/mipmap-mdpi-v4/ic_launcher.png'
application-icon-240:'res/mipmap-hdpi-v4/ic_launcher.png'
application-icon-320:'res/mipmap-xhdpi-v4/ic_launcher.png'
application-icon-480:'res/mipmap-xxhdpi-v4/ic_launcher.png'
application-icon-640:'res/mipmap-xxxhdpi-v4/ic_launcher.png'
application-icon-65534:'res/mipmap-mdpi-v4/ic_launcher.png'
application: label='MoolSocial' icon='res/mipmap-mdpi-v4/ic_launcher.png'
application-debuggable
launchable-activity: name='com.moolsocial.app.MainActivity'  label='' icon=''
uses-library-not-required:'androidx.window.extensions'
uses-library-not-required:'androidx.window.sidecar'
uses-library-not-required:'android.ext.adservices'
feature-group: label=''
  uses-feature-not-required: name='android.hardware.camera'
  uses-feature: name='android.hardware.faketouch'
  uses-implied-feature: name='android.hardware.faketouch' reason='default feature for all apps'
  uses-feature: name='android.hardware.location'
  uses-implied-feature: name='android.hardware.location' reason='requested android.permission.ACCESS_COARSE_LOCATION permission, and requested android.permission.ACCESS_FINE_LOCATION permission'
  uses-feature: name='android.hardware.microphone'
  uses-implied-feature: name='android.hardware.microphone' reason='requested android.permission.RECORD_AUDIO permission'
main
other-activities
other-receivers
other-services
supports-screens: 'small' 'normal' 'large' 'xlarge'
supports-any-density: 'true'
locales: '--_--' 'af' 'am' 'ar' 'as' 'az' 'be' 'bg' 'bn' 'bs' 'ca' 'cs' 'da' 'de' 'el' 'en-AU' 'en-CA' 'en-GB' 'en-IN' 'en-XC' 'es' 'es-US' 'et' 'eu' 'fa' 'fi' 'fr' 'fr-CA' 'gl' 'gu' 'hi' 'hr' 'hu' 'hy' 'in' 'is' 'it' 'iw' 'ja' 'ka' 'kk' 'km' 'kn' 'ko' 'ky' 'lo' 'lt' 'lv' 'mk' 'ml' 'mn' 'mr' 'ms' 'my' 'nb' 'ne' 'nl' 'or' 'pa' 'pl' 'pt' 'pt-BR' 'pt-PT' 'ro' 'ru' 'si' 'sk' 'sl' 'sq' 'sr' 'sr-Latn' 'sv' 'sw' 'ta' 'te' 'th' 'tl' 'tr' 'uk' 'ur' 'uz' 'vi' 'zh-CN' 'zh-HK' 'zh-TW' 'zu'
densities: '120' '160' '240' '320' '480' '640' '65534'
native-code: 'arm64-v8a' 'armeabi-v7a' 'x86_64'
