Warning: This version of UI Automator is deprecated. New tests should be written using
UI Automator 2.0 which is available as part of the Android Testing Support Library.
See https://developer.android.com/training/testing/ui-testing/uiautomator-testing.html
for more details.
INSTRUMENTATION_STATUS: numtests=1
INSTRUMENTATION_STATUS: stream=
com.moolsocial.evidence.AccessibilityHintProbe:
INSTRUMENTATION_STATUS: id=UiAutomatorTestRunner
INSTRUMENTATION_STATUS: test=testCategorySearchHintAndActions
INSTRUMENTATION_STATUS: class=com.moolsocial.evidence.AccessibilityHintProbe
INSTRUMENTATION_STATUS: current=1
INSTRUMENTATION_STATUS_CODE: 1
MOOLSOCIAL_ACCESSIBILITY_HINT_PROBE class=android.widget.EditText; hint=Category search, Find a category; text=null; contentDescription=null; focusable=true; editable=true; hasFocusAction=false; hasClickAction=true; hasSetTextAction=true
INSTRUMENTATION_STATUS: numtests=1
INSTRUMENTATION_STATUS: stream=
Failure in testCategorySearchHintAndActions:
junit.framework.ComparisonFailure: expected:<[]> but was:<[null]>
	at com.moolsocial.evidence.AccessibilityHintProbe.testCategorySearchHintAndActions(AccessibilityHintProbe.java:60)
	at com.android.uiautomator.testrunner.UiAutomatorTestRunner.start(UiAutomatorTestRunner.java:160)
	at com.android.uiautomator.testrunner.UiAutomatorTestRunner.run(UiAutomatorTestRunner.java:96)
	at com.android.commands.uiautomator.RunTestCommand.run(RunTestCommand.java:91)
	at com.android.commands.uiautomator.Launcher.main(Launcher.java:83)
	at com.android.internal.os.RuntimeInit.nativeFinishInit(Native Method)
	at com.android.internal.os.RuntimeInit.main(RuntimeInit.java:391)

INSTRUMENTATION_STATUS: id=UiAutomatorTestRunner
INSTRUMENTATION_STATUS: test=testCategorySearchHintAndActions
INSTRUMENTATION_STATUS: class=com.moolsocial.evidence.AccessibilityHintProbe
INSTRUMENTATION_STATUS: stack=junit.framework.ComparisonFailure: expected:<[]> but was:<[null]>
	at com.moolsocial.evidence.AccessibilityHintProbe.testCategorySearchHintAndActions(AccessibilityHintProbe.java:60)
	at com.android.uiautomator.testrunner.UiAutomatorTestRunner.start(UiAutomatorTestRunner.java:160)
	at com.android.uiautomator.testrunner.UiAutomatorTestRunner.run(UiAutomatorTestRunner.java:96)
	at com.android.commands.uiautomator.RunTestCommand.run(RunTestCommand.java:91)
	at com.android.commands.uiautomator.Launcher.main(Launcher.java:83)
	at com.android.internal.os.RuntimeInit.nativeFinishInit(Native Method)
	at com.android.internal.os.RuntimeInit.main(RuntimeInit.java:391)

INSTRUMENTATION_STATUS: current=1
INSTRUMENTATION_STATUS_CODE: -2
INSTRUMENTATION_STATUS: stream=
Test results for WatcherResultPrinter=.F
Time: 7.631

FAILURES!!!
Tests run: 1,  Failures: 1,  Errors: 0


INSTRUMENTATION_STATUS_CODE: -1
